---
source: src/bootstrapper/test.rs
expression: out.as_str()
---
          $
          $
          $
          $
          $
          $
          $
          $
          $
          $
