---
source: src/bootstrapper/test.rs
expression: out.as_str()
---
0         $
1         $
2         $
3         $
4         $
          $
          $
          $
          $
          $
